============================= test session starts =============================
platform win32 -- Python 3.12.4, pytest-9.1.1, pluggy-1.6.0 -- C:\Users\vansh.bajaj\AppData\Local\Programs\Python\Python312\python.exe
cachedir: .pytest_cache
rootdir: C:\Users\vansh.bajaj\Downloads\L2_Case04_Warehouse_Ops_MCP_Toolkit
configfile: pyproject.toml
plugins: anyio-4.15.0, asyncio-1.4.0
asyncio: mode=Mode.AUTO, debug=False, asyncio_default_fixture_loop_scope=None, asyncio_default_test_loop_scope=function
collecting ... collected 80 items

tests/test_confirmation.py::TestTwoStepFlow::test_create_returns_preview PASSED [  1%]
tests/test_confirmation.py::TestTwoStepFlow::test_confirm_returns_pending PASSED [  2%]
tests/test_confirmation.py::TestIrreversibleFlag::test_irreversible_in_preview PASSED [  3%]
tests/test_confirmation.py::TestIrreversibleFlag::test_reversible_no_flag PASSED [  5%]
tests/test_confirmation.py::TestExpiredConfirmation::test_expired_id_rejected PASSED [  6%]
tests/test_confirmation.py::TestDoubleConfirm::test_already_confirmed_rejected PASSED [  7%]
tests/test_confirmation.py::TestInvalidConfirmationId::test_nonexistent_id PASSED [  8%]
tests/test_confirmation.py::TestInvalidConfirmationId::test_empty_id PASSED [ 10%]
tests/test_confirmation.py::TestFullFlowWithDataStore::test_book_via_confirmation PASSED [ 11%]
tests/test_confirmation.py::TestFullFlowWithDataStore::test_adjust_via_confirmation_irreversible PASSED [ 12%]
tests/test_errors.py::TestGetStockErrors::test_sku_not_found PASSED      [ 13%]
tests/test_errors.py::TestSearchStockErrors::test_no_matches PASSED      [ 15%]
tests/test_errors.py::TestDockErrors::test_invalid_date_format PASSED    [ 16%]
tests/test_errors.py::TestDockErrors::test_slot_already_booked PASSED    [ 17%]
tests/test_errors.py::TestDockErrors::test_slot_not_booked PASSED        [ 18%]
tests/test_errors.py::TestStockWriteErrors::test_adjust_sku_not_found PASSED [ 20%]
tests/test_errors.py::TestStockWriteErrors::test_move_bin_mismatch PASSED [ 21%]
tests/test_errors.py::TestStockWriteErrors::test_move_insufficient_stock PASSED [ 22%]
tests/test_errors.py::TestStockWriteErrors::test_move_same_bin PASSED    [ 23%]
tests/test_errors.py::TestExceptionErrors::test_raise_sku_not_found PASSED [ 25%]
tests/test_errors.py::TestExceptionErrors::test_close_not_found PASSED   [ 26%]
tests/test_errors.py::TestExceptionErrors::test_close_already_closed PASSED [ 27%]
tests/test_errors.py::TestConfirmationErrors::test_invalid_id_shape PASSED [ 28%]
tests/test_errors.py::TestConfirmationErrors::test_expired_shape PASSED  [ 30%]
tests/test_errors.py::TestConfirmationErrors::test_already_confirmed_shape PASSED [ 31%]
tests/test_invocation.py::TestGetStock::test_valid_sku PASSED            [ 32%]
tests/test_invocation.py::TestGetStock::test_out_of_stock_item PASSED    [ 33%]
tests/test_invocation.py::TestSearchStock::test_ambiguous_returns_multiple PASSED [ 35%]
tests/test_invocation.py::TestSearchStock::test_unambiguous_returns_one PASSED [ 36%]
tests/test_invocation.py::TestSearchStock::test_case_insensitive PASSED  [ 37%]
tests/test_invocation.py::TestSearchStock::test_includes_out_of_stock PASSED [ 38%]
tests/test_invocation.py::TestListDockSlots::test_all_slots PASSED       [ 40%]
tests/test_invocation.py::TestListDockSlots::test_filter_available PASSED [ 41%]
tests/test_invocation.py::TestListDockSlots::test_filter_booked PASSED   [ 42%]
tests/test_invocation.py::TestListOpenExceptions::test_initially_empty PASSED [ 43%]
tests/test_invocation.py::TestBookDockSlot::test_book_and_verify PASSED  [ 45%]
tests/test_invocation.py::TestCancelDockBooking::test_cancel_and_verify PASSED [ 46%]
tests/test_invocation.py::TestAdjustStockCount::test_adjust_and_verify PASSED [ 47%]
tests/test_invocation.py::TestMoveStock::test_move_and_verify PASSED     [ 48%]
tests/test_invocation.py::TestRaiseException::test_raise_and_list PASSED [ 50%]
tests/test_invocation.py::TestCloseException::test_close_and_verify PASSED [ 51%]
tests/test_schema.py::TestGetStockSchema::test_invalid_sku_format PASSED [ 52%]
tests/test_schema.py::TestGetStockSchema::test_sku_too_short PASSED      [ 53%]
tests/test_schema.py::TestGetStockSchema::test_sku_no_prefix PASSED      [ 55%]
tests/test_schema.py::TestGetStockSchema::test_valid_sku PASSED          [ 56%]
tests/test_schema.py::TestSearchStockSchema::test_query_too_short PASSED [ 57%]
tests/test_schema.py::TestSearchStockSchema::test_empty_query PASSED     [ 58%]
tests/test_schema.py::TestSearchStockSchema::test_valid_query PASSED     [ 60%]
tests/test_schema.py::TestBookDockSlotSchema::test_invalid_slot_time PASSED [ 61%]
tests/test_schema.py::TestBookDockSlotSchema::test_empty_carrier PASSED  [ 62%]
tests/test_schema.py::TestBookDockSlotSchema::test_valid PASSED          [ 63%]
tests/test_schema.py::TestCancelDockBookingSchema::test_invalid_slot_time PASSED [ 65%]
tests/test_schema.py::TestAdjustStockCountSchema::test_negative_quantity PASSED [ 66%]
tests/test_schema.py::TestAdjustStockCountSchema::test_empty_reason PASSED [ 67%]
tests/test_schema.py::TestAdjustStockCountSchema::test_zero_quantity_valid PASSED [ 68%]
tests/test_schema.py::TestAdjustStockCountSchema::test_valid PASSED      [ 70%]
tests/test_schema.py::TestMoveStockSchema::test_zero_quantity PASSED     [ 71%]
tests/test_schema.py::TestMoveStockSchema::test_negative_quantity PASSED [ 72%]
tests/test_schema.py::TestMoveStockSchema::test_valid PASSED             [ 73%]
tests/test_schema.py::TestRaiseExceptionSchema::test_invalid_category PASSED [ 75%]
tests/test_schema.py::TestRaiseExceptionSchema::test_valid_category PASSED [ 76%]
tests/test_schema.py::TestDockStatusSchema::test_invalid_status PASSED   [ 77%]
tests/test_schema.py::TestDockStatusSchema::test_valid_status PASSED     [ 78%]
tests/test_schema.py::TestDockStatusSchema::test_none_status_valid PASSED [ 80%]
tests/test_schema.py::TestDateValidation::test_invalid_date_format_dock PASSED [ 81%]
tests/test_schema.py::TestDateValidation::test_invalid_date_format_book PASSED [ 82%]
tests/test_site_scoping.py::TestCrossSiteBlocked::test_leeds_cannot_read_reading_sku PASSED [ 83%]
tests/test_site_scoping.py::TestCrossSiteBlocked::test_leeds_cannot_read_glasgow_sku PASSED [ 85%]
tests/test_site_scoping.py::TestCrossSiteBlocked::test_reading_cannot_search_leeds_stock PASSED [ 86%]
tests/test_site_scoping.py::TestCrossSiteBlocked::test_glasgow_cannot_see_leeds_dock PASSED [ 87%]
tests/test_site_scoping.py::TestCrossSiteBlocked::test_cross_site_adjust_blocked PASSED [ 88%]
tests/test_site_scoping.py::TestCrossSiteBlocked::test_cross_site_move_blocked PASSED [ 90%]
tests/test_site_scoping.py::TestCrossSiteBlocked::test_cross_site_raise_exception_blocked PASSED [ 91%]
tests/test_site_scoping.py::TestSameSiteWorks::test_leeds_reads_leeds_sku PASSED [ 92%]
tests/test_site_scoping.py::TestSameSiteWorks::test_reading_reads_reading_sku PASSED [ 93%]
tests/test_site_scoping.py::TestSameSiteWorks::test_glasgow_reads_glasgow_sku PASSED [ 95%]
tests/test_site_scoping.py::TestSameSiteWorks::test_reading_searches_reading_stock PASSED [ 96%]
tests/test_site_scoping.py::TestSameSiteWorks::test_glasgow_lists_glasgow_dock PASSED [ 97%]
tests/test_site_scoping.py::TestSameSiteWorks::test_leeds_adjust_leeds_sku PASSED [ 98%]
tests/test_site_scoping.py::TestErrorsDoNotLeakCrossSite::test_error_does_not_reveal_other_site PASSED [100%]

============================= 80 passed in 0.39s ==============================
